// Jest Snapshot v1, https://goo.gl/fbAQLP

exports[`ItemListEmptyState should render a children 1`] = `
.emotion-1 {
  display: -webkit-box;
  display: -webkit-flex;
  display: -ms-flexbox;
  display: flex;
  -webkit-flex-direction: column;
  -ms-flex-direction: column;
  flex-direction: column;
  -webkit-align-items: center;
  -webkit-box-align: center;
  -ms-flex-align: center;
  align-items: center;
  -webkit-box-pack: center;
  -ms-flex-pack: center;
  -webkit-justify-content: center;
  justify-content: center;
  gap: 16px;
}

<div
  class="emotion-0 emotion-1"
  style="padding: 3.75rem; flex: 1; grid-column-end: 1; grid-row-end: 2;"
>
  <img
    src="/test/test.png"
  />
  <div>
    test1
  </div>
  <div>
    test2
  </div>
</div>
`;

exports[`ItemListEmptyState should render a icon 1`] = `
<img
  src="/test/test.png"
/>
`;
