// Jest Snapshot v1, https://goo.gl/fbAQLP

exports[`POAPItem should render poap image 1`] = `
.c0 {
  border-radius: 50%;
}

<img
  alt="test-description"
  class="c0"
  data-nimg="1"
  decoding="async"
  height="180"
  loading="lazy"
  src="/_next/image?url=%2Ftest%2Ftest.png&w=384&q=75"
  srcset="/_next/image?url=%2Ftest%2Ftest.png&w=256&q=75 1x, /_next/image?url=%2Ftest%2Ftest.png&w=384&q=75 2x"
  style="color: transparent;"
  width="180"
/>
`;
