// Jest Snapshot v1, https://goo.gl/fbAQLP

exports[`DateInput renders an DateInput and label 1`] = `
.c0 {
  display: inline-block;
}

.c0 .mantine-DatePicker-label {
  font-family: 'PT Mono',monospace;
  color: #E2E2EE;
  font-weight: 700;
  font-size: 0.6875rem;
  text-transform: uppercase;
  -webkit-letter-spacing: 0.075rem;
  -moz-letter-spacing: 0.075rem;
  -ms-letter-spacing: 0.075rem;
  letter-spacing: 0.075rem;
  line-height: 1.125rem;
  margin-bottom: 0.6875rem;
}

.c0 .mantine-DatePicker-input {
  border-radius: 0.375rem;
  font-family: 'PT Mono',monospace;
  font-weight: 400;
  font-size: 0.875rem;
  color: white;
  background-color: #1E1F2E;
  -webkit-transition: 150ms background-color ease;
  transition: 150ms background-color ease;
  -webkit-letter-spacing: 0.0125rem;
  -moz-letter-spacing: 0.0125rem;
  -ms-letter-spacing: 0.0125rem;
  letter-spacing: 0.0125rem;
  border: 0.0625rem solid transparent;
}

.c0 .mantine-DatePicker-input:hover:not(:disabled):not(:focus) {
  background-color: #292B3D;
}

.c0 .mantine-DatePicker-input:focus {
  background-color: #1E1F2E;
  border: 0.0625rem solid #393A51 !important;
}

.c0 .mantine-DatePicker-input::-webkit-input-placeholder {
  color: #393A51;
}

.c0 .mantine-DatePicker-input::-moz-placeholder {
  color: #393A51;
}

.c0 .mantine-DatePicker-input:-ms-input-placeholder {
  color: #393A51;
}

.c0 .mantine-DatePicker-input::placeholder {
  color: #393A51;
}

.c0 .mantine-DatePicker-input.mantine-DatePicker-invalid {
  color: #F77070;
}

.c0 .mantine-DatePicker-error {
  font-family: 'PT Mono',monospace;
  font-size: 0.625rem;
  -webkit-letter-spacing: 1.2px;
  -moz-letter-spacing: 1.2px;
  -ms-letter-spacing: 1.2px;
  letter-spacing: 1.2px;
  padding-left: 1rem;
  color: #F77070 !important;
}

<div
  class="mantine-InputWrapper-root mantine-DatePicker-root c0 mantine-1m3pqry"
>
  <label
    class="mantine-InputWrapper-label mantine-DatePicker-label mantine-ittua2"
    for="mantine-r0"
    id="mantine-r0-label"
  >
    Test label
  </label>
  <div
    class="mantine-2uofp0 mantine-DatePicker-wrapper"
  >
    <div
      class="mantine-Input-wrapper mantine-DatePicker-wrapper mantine-12sbrde"
    >
      <input
        aria-invalid="false"
        autocomplete="off"
        class="mantine-DatePicker-input mantine-Input-input mantine-DatePicker-input mantine-1klne3t"
        id="mantine-r0"
        name="date"
        readonly=""
        spellcheck="false"
        value=""
      />
    </div>
  </div>
</div>
`;
