// Jest Snapshot v1, https://goo.gl/fbAQLP

exports[`Input renders an Input 1`] = `
.c0 {
  display: inline-block;
}

.c0 .mantine-TextInput-label {
  font-family: 'PT Mono',monospace;
  color: #E2E2EE;
  font-weight: 700;
  font-size: 0.6875rem;
  text-transform: uppercase;
  -webkit-letter-spacing: 0.075rem;
  -moz-letter-spacing: 0.075rem;
  -ms-letter-spacing: 0.075rem;
  letter-spacing: 0.075rem;
  line-height: 1.125rem;
  margin-bottom: 0.6875rem;
}

.c0 .mantine-TextInput-input {
  border-radius: 0.375rem;
  font-family: 'PT Mono',monospace;
  font-weight: 400;
  font-size: 0.875rem;
  color: white;
  background-color: #1E1F2E;
  -webkit-transition: 150ms background-color ease;
  transition: 150ms background-color ease;
  -webkit-letter-spacing: 0.0125rem;
  -moz-letter-spacing: 0.0125rem;
  -ms-letter-spacing: 0.0125rem;
  letter-spacing: 0.0125rem;
  border: 0.0625rem solid transparent;
}

.c0 .mantine-TextInput-input:hover:not(:disabled):not(:focus) {
  background-color: #292B3D;
}

.c0 .mantine-TextInput-input:focus {
  background-color: #1E1F2E;
  border: 0.0625rem solid #393A51 !important;
}

.c0 .mantine-TextInput-input::-webkit-input-placeholder {
  color: #393A51;
}

.c0 .mantine-TextInput-input::-moz-placeholder {
  color: #393A51;
}

.c0 .mantine-TextInput-input:-ms-input-placeholder {
  color: #393A51;
}

.c0 .mantine-TextInput-input::placeholder {
  color: #393A51;
}

.c0 .mantine-TextInput-input.mantine-TextInput-invalid {
  color: #F77070;
}

.c0 .mantine-TextInput-error {
  font-family: 'PT Mono',monospace;
  font-size: 0.625rem;
  -webkit-letter-spacing: 1.2px;
  -moz-letter-spacing: 1.2px;
  -ms-letter-spacing: 1.2px;
  letter-spacing: 1.2px;
  padding-left: 1rem;
  color: #F77070 !important;
}

.emotion-2 {
  font-family: -apple-system,BlinkMacSystemFont,Segoe UI,Roboto,Helvetica,Arial,sans-serif,Apple Color Emoji,Segoe UI Emoji;
  line-height: 1.55;
}

.emotion-5 {
  position: relative;
}

.emotion-8 {
  font-family: -apple-system,BlinkMacSystemFont,Segoe UI,Roboto,Helvetica,Arial,sans-serif,Apple Color Emoji,Segoe UI Emoji;
  height: 36px;
  -webkit-tap-highlight-color: transparent;
  line-height: 34px;
  -webkit-appearance: none;
  -moz-appearance: none;
  -ms-appearance: none;
  appearance: none;
  resize: none;
  box-sizing: border-box;
  font-size: 14px;
  width: 100%;
  color: #000;
  display: block;
  text-align: left;
  min-height: 36px;
  padding-left: 12px;
  padding-right: 12px;
  border-radius: 4px;
  border: 1px solid #ced4da;
  background-color: #fff;
  -webkit-transition: border-color 100ms ease;
  transition: border-color 100ms ease;
}

.emotion-8:disabled {
  background-color: #f1f3f5;
  color: #909296;
  opacity: 0.6;
  cursor: not-allowed;
}

.emotion-8:disabled::-webkit-input-placeholder {
  color: #909296;
}

.emotion-8:disabled::-moz-placeholder {
  color: #909296;
}

.emotion-8:disabled:-ms-input-placeholder {
  color: #909296;
}

.emotion-8:disabled::placeholder {
  color: #909296;
}

.emotion-8::-webkit-input-placeholder {
  opacity: 1;
  -webkit-user-select: none;
  -moz-user-select: none;
  -ms-user-select: none;
  user-select: none;
  color: #adb5bd;
}

.emotion-8::-moz-placeholder {
  opacity: 1;
  -webkit-user-select: none;
  -moz-user-select: none;
  -ms-user-select: none;
  user-select: none;
  color: #adb5bd;
}

.emotion-8:-ms-input-placeholder {
  opacity: 1;
  -webkit-user-select: none;
  -moz-user-select: none;
  -ms-user-select: none;
  user-select: none;
  color: #adb5bd;
}

.emotion-8::placeholder {
  opacity: 1;
  -webkit-user-select: none;
  -moz-user-select: none;
  -ms-user-select: none;
  user-select: none;
  color: #adb5bd;
}

.emotion-8::-webkit-inner-spin-button,
.emotion-8::-webkit-outer-spin-button,
.emotion-8::-webkit-search-decoration,
.emotion-8::-webkit-search-cancel-button,
.emotion-8::-webkit-search-results-button,
.emotion-8::-webkit-search-results-decoration {
  -webkit-appearance: none;
  -moz-appearance: none;
  -ms-appearance: none;
  appearance: none;
}

.emotion-8[type=number] {
  -moz-appearance: textfield;
}

.emotion-8:focus,
.emotion-8:focus-within {
  outline: none;
  border-color: #228be6;
}

<div
  class="emotion-0 emotion-1 c0 emotion-2"
>
  <div
    class="emotion-3 emotion-4 emotion-5"
  >
    <input
      aria-invalid="false"
      class="emotion-6 emotion-7 emotion-8"
      id="mantine-r0"
      placeholder="placeholder text"
      spellcheck="false"
      type="text"
      value=""
    />
  </div>
</div>
`;
