// Jest Snapshot v1, https://goo.gl/fbAQLP

exports[`NumberInput renders an NumberInput and label 1`] = `
.c0 {
  display: inline-block;
}

.c0 .mantine-NumberInput-label {
  font-family: 'PT Mono',monospace;
  color: #E2E2EE;
  font-weight: 700;
  font-size: 0.6875rem;
  text-transform: uppercase;
  -webkit-letter-spacing: 0.075rem;
  -moz-letter-spacing: 0.075rem;
  -ms-letter-spacing: 0.075rem;
  letter-spacing: 0.075rem;
  line-height: 1.125rem;
  margin-bottom: 0.6875rem;
}

.c0 .mantine-NumberInput-input {
  border-radius: 0.375rem;
  font-family: 'PT Mono',monospace;
  font-weight: 400;
  font-size: 0.875rem;
  color: white;
  background-color: #1E1F2E;
  -webkit-transition: 150ms background-color ease;
  transition: 150ms background-color ease;
  -webkit-letter-spacing: 0.0125rem;
  -moz-letter-spacing: 0.0125rem;
  -ms-letter-spacing: 0.0125rem;
  letter-spacing: 0.0125rem;
  border: 0.0625rem solid transparent;
}

.c0 .mantine-NumberInput-input:hover:not(:disabled):not(:focus) {
  background-color: #292B3D;
}

.c0 .mantine-NumberInput-input:focus {
  background-color: #1E1F2E;
  border: 0.0625rem solid #393A51 !important;
}

.c0 .mantine-NumberInput-input::-webkit-input-placeholder {
  color: #393A51;
}

.c0 .mantine-NumberInput-input::-moz-placeholder {
  color: #393A51;
}

.c0 .mantine-NumberInput-input:-ms-input-placeholder {
  color: #393A51;
}

.c0 .mantine-NumberInput-input::placeholder {
  color: #393A51;
}

.c0 .mantine-NumberInput-input.mantine-NumberInput-invalid {
  color: #F77070;
}

.c0 .mantine-NumberInput-error {
  font-family: 'PT Mono',monospace;
  font-size: 0.625rem;
  -webkit-letter-spacing: 1.2px;
  -moz-letter-spacing: 1.2px;
  -ms-letter-spacing: 1.2px;
  letter-spacing: 1.2px;
  padding-left: 1rem;
  color: #F77070 !important;
}

.emotion-2 {
  font-family: -apple-system,BlinkMacSystemFont,Segoe UI,Roboto,Helvetica,Arial,sans-serif,Apple Color Emoji,Segoe UI Emoji;
  line-height: 1.55;
}

.emotion-5 {
  display: inline-block;
  font-size: 14px;
  font-weight: 500;
  color: #212529;
  word-break: break-word;
  cursor: default;
  -webkit-tap-highlight-color: transparent;
}

.emotion-8 {
  position: relative;
}

.emotion-11 {
  font-family: -apple-system,BlinkMacSystemFont,Segoe UI,Roboto,Helvetica,Arial,sans-serif,Apple Color Emoji,Segoe UI Emoji;
  height: 36px;
  -webkit-tap-highlight-color: transparent;
  line-height: 34px;
  -webkit-appearance: none;
  -moz-appearance: none;
  -ms-appearance: none;
  appearance: none;
  resize: none;
  box-sizing: border-box;
  font-size: 14px;
  width: 100%;
  color: #000;
  display: block;
  text-align: left;
  min-height: 36px;
  padding-left: 12px;
  padding-right: 25px;
  border-radius: 4px;
  border: 1px solid #ced4da;
  background-color: #fff;
  -webkit-transition: border-color 100ms ease;
  transition: border-color 100ms ease;
}

.emotion-11:disabled {
  background-color: #f1f3f5;
  color: #909296;
  opacity: 0.6;
  cursor: not-allowed;
}

.emotion-11:disabled::-webkit-input-placeholder {
  color: #909296;
}

.emotion-11:disabled::-moz-placeholder {
  color: #909296;
}

.emotion-11:disabled:-ms-input-placeholder {
  color: #909296;
}

.emotion-11:disabled::placeholder {
  color: #909296;
}

.emotion-11::-webkit-input-placeholder {
  -webkit-user-select: none;
  -moz-user-select: none;
  -ms-user-select: none;
  user-select: none;
  color: #adb5bd;
  opacity: 1;
}

.emotion-11::-moz-placeholder {
  -webkit-user-select: none;
  -moz-user-select: none;
  -ms-user-select: none;
  user-select: none;
  color: #adb5bd;
  opacity: 1;
}

.emotion-11:-ms-input-placeholder {
  -webkit-user-select: none;
  -moz-user-select: none;
  -ms-user-select: none;
  user-select: none;
  color: #adb5bd;
  opacity: 1;
}

.emotion-11::placeholder {
  -webkit-user-select: none;
  -moz-user-select: none;
  -ms-user-select: none;
  user-select: none;
  color: #adb5bd;
  opacity: 1;
}

.emotion-11::-webkit-inner-spin-button,
.emotion-11::-webkit-outer-spin-button,
.emotion-11::-webkit-search-decoration,
.emotion-11::-webkit-search-cancel-button,
.emotion-11::-webkit-search-results-button,
.emotion-11::-webkit-search-results-decoration {
  -webkit-appearance: none;
  -moz-appearance: none;
  -ms-appearance: none;
  appearance: none;
}

.emotion-11[type=number] {
  -moz-appearance: textfield;
}

.emotion-11:focus,
.emotion-11:focus-within {
  outline: none;
  border-color: #228be6;
}

.emotion-12 {
  position: absolute;
  top: 0;
  bottom: 0;
  right: 0;
  display: -webkit-box;
  display: -webkit-flex;
  display: -ms-flexbox;
  display: flex;
  -webkit-align-items: center;
  -webkit-box-align: center;
  -ms-flex-align: center;
  align-items: center;
  -webkit-box-pack: center;
  -ms-flex-pack: center;
  -webkit-justify-content: center;
  justify-content: center;
  width: 25px;
}

.emotion-15 {
  display: -webkit-box;
  display: -webkit-flex;
  display: -ms-flexbox;
  display: flex;
  -webkit-flex-direction: column;
  -ms-flex-direction: column;
  flex-direction: column;
  height: calc(100% - 2px);
  margin: 1px;
  margin-right: 1px;
  overflow: hidden;
  border-top-right-radius: 4px;
  border-bottom-right-radius: 4px;
}

.emotion-19 {
  margin: 0;
  position: relative;
  -webkit-flex: 0 0 50%;
  -ms-flex: 0 0 50%;
  flex: 0 0 50%;
  display: -webkit-box;
  display: -webkit-flex;
  display: -ms-flexbox;
  display: flex;
  -webkit-align-items: center;
  -webkit-box-align: center;
  -ms-flex-align: center;
  align-items: center;
  -webkit-box-pack: center;
  -ms-flex-pack: center;
  -webkit-justify-content: center;
  justify-content: center;
  box-sizing: border-box;
  width: 24px;
  padding: 0;
  -webkit-tap-highlight-color: transparent;
  border-bottom: 1px solid #ced4da;
  border-left: 1px solid #ced4da;
  border-top: 0;
  border-right: 0;
  background-color: transparent;
  margin-right: 1px;
  color: #000;
}

.emotion-19:not(:disabled):hover {
  background-color: #f8f9fa;
}

.emotion-19:disabled {
  color: #ced4da;
}

.emotion-22 {
  margin: 0;
  position: relative;
  -webkit-flex: 0 0 50%;
  -ms-flex: 0 0 50%;
  flex: 0 0 50%;
  display: -webkit-box;
  display: -webkit-flex;
  display: -ms-flexbox;
  display: flex;
  -webkit-align-items: center;
  -webkit-box-align: center;
  -ms-flex-align: center;
  align-items: center;
  -webkit-box-pack: center;
  -ms-flex-pack: center;
  -webkit-justify-content: center;
  justify-content: center;
  box-sizing: border-box;
  width: 24px;
  padding: 0;
  -webkit-tap-highlight-color: transparent;
  border-bottom: 1px solid #ced4da;
  border-left: 1px solid #ced4da;
  border-top: 0;
  border-right: 0;
  background-color: transparent;
  margin-right: 1px;
  color: #000;
  border-bottom: 0;
}

.emotion-22:not(:disabled):hover {
  background-color: #f8f9fa;
}

.emotion-22:disabled {
  color: #ced4da;
}

<div
  class="emotion-0 emotion-1 c0 emotion-2"
>
  <label
    class="emotion-3 emotion-4 emotion-5"
    for="mantine-r0"
    id="mantine-r0-label"
  >
    Test label
  </label>
  <div
    class="emotion-6 emotion-7 emotion-8"
  >
    <input
      aria-invalid="false"
      class="emotion-9 emotion-10 emotion-11"
      id="mantine-r0"
      inputmode="numeric"
      spellcheck="false"
      step="1"
      type="text"
      value=""
    />
    <div
      class="emotion-12 emotion-13 emotion-14"
    >
      <div
        class="emotion-15 emotion-14"
      >
        <button
          aria-hidden="true"
          class="emotion-17 emotion-17Up emotion-19"
          tabindex="-1"
          type="button"
        >
          <svg
            fill="none"
            height="14"
            style="transform: rotate(180deg);"
            viewBox="0 0 15 15"
            width="14"
            xmlns="http://www.w3.org/2000/svg"
          >
            <path
              clip-rule="evenodd"
              d="M3.13523 6.15803C3.3241 5.95657 3.64052 5.94637 3.84197 6.13523L7.5 9.56464L11.158 6.13523C11.3595 5.94637 11.6759 5.95657 11.8648 6.15803C12.0536 6.35949 12.0434 6.67591 11.842 6.86477L7.84197 10.6148C7.64964 10.7951 7.35036 10.7951 7.15803 10.6148L3.15803 6.86477C2.95657 6.67591 2.94637 6.35949 3.13523 6.15803Z"
              fill="currentColor"
              fill-rule="evenodd"
            />
          </svg>
        </button>
        <button
          aria-hidden="true"
          class="emotion-17 emotion-17Down emotion-22"
          tabindex="-1"
          type="button"
        >
          <svg
            fill="none"
            height="14"
            viewBox="0 0 15 15"
            width="14"
            xmlns="http://www.w3.org/2000/svg"
          >
            <path
              clip-rule="evenodd"
              d="M3.13523 6.15803C3.3241 5.95657 3.64052 5.94637 3.84197 6.13523L7.5 9.56464L11.158 6.13523C11.3595 5.94637 11.6759 5.95657 11.8648 6.15803C12.0536 6.35949 12.0434 6.67591 11.842 6.86477L7.84197 10.6148C7.64964 10.7951 7.35036 10.7951 7.15803 10.6148L3.15803 6.86477C2.95657 6.67591 2.94637 6.35949 3.13523 6.15803Z"
              fill="currentColor"
              fill-rule="evenodd"
            />
          </svg>
        </button>
      </div>
    </div>
  </div>
</div>
`;
