// Jest Snapshot v1, https://goo.gl/fbAQLP

exports[`Pagination renders a Pagination 1`] = `
.c0 .mantine-Pagination-item {
  background-color: #292B3D;
  color: white;
}

.c0 .mantine-Pagination-item[data-active='true'] {
  background-color: #307AE8;
  color: white;
}

.emotion-1 {
  box-sizing: border-box;
  display: -webkit-box;
  display: -webkit-flex;
  display: -ms-flexbox;
  display: flex;
  -webkit-flex-direction: row;
  -ms-flex-direction: row;
  flex-direction: row;
  -webkit-align-items: center;
  -webkit-box-align: center;
  -ms-flex-align: center;
  align-items: center;
  -webkit-box-flex-wrap: wrap;
  -webkit-flex-wrap: wrap;
  -ms-flex-wrap: wrap;
  flex-wrap: wrap;
  -webkit-box-pack: start;
  -ms-flex-pack: start;
  -webkit-justify-content: flex-start;
  justify-content: flex-start;
  gap: 8px;
}

.emotion-1>* {
  box-sizing: border-box;
  -webkit-box-flex: 0;
  -webkit-flex-grow: 0;
  -ms-flex-positive: 0;
  flex-grow: 0;
}

.emotion-2 {
  -webkit-tap-highlight-color: transparent;
  cursor: pointer;
  -webkit-user-select: none;
  -moz-user-select: none;
  -ms-user-select: none;
  user-select: none;
  display: -webkit-box;
  display: -webkit-flex;
  display: -ms-flexbox;
  display: flex;
  -webkit-align-items: center;
  -webkit-box-align: center;
  -ms-flex-align: center;
  align-items: center;
  -webkit-box-pack: center;
  -ms-flex-pack: center;
  -webkit-justify-content: center;
  justify-content: center;
  font-weight: 500;
  border: 1px solid #ced4da;
  color: #000;
  height: 32px;
  min-width: 32px;
  padding: 0 8px;
  font-size: 16px;
  border-radius: 4px;
  line-height: 1;
  background-color: #fff;
}

.emotion-2:focus {
  outline-offset: 2px;
  outline: 2px solid #339af0;
}

.emotion-2:focus:not(:focus-visible) {
  outline: none;
}

.emotion-2:active:not(:disabled):not([data-dots]) {
  -webkit-transform: translateY(1px);
  -moz-transform: translateY(1px);
  -ms-transform: translateY(1px);
  transform: translateY(1px);
}

.emotion-2:disabled {
  opacity: 0.6;
  cursor: not-allowed;
  color: #adb5bd;
}

.emotion-2[data-dots] {
  cursor: default;
  border-color: transparent;
  background-color: transparent;
}

.emotion-2[data-active] {
  border-color: transparent;
  color: #fff;
  background-color: #228be6;
}

<div
  class="emotion-0 c0 emotion-1"
  role="navigation"
>
  <button
    aria-disabled="true"
    class="emotion-2 emotion-3"
    disabled=""
    type="button"
  >
    <svg
      fill="none"
      height="16"
      viewBox="0 0 16 16"
      width="16"
      xmlns="http://www.w3.org/2000/svg"
    >
      <path
        d="M7.219 8l3.3 3.3-.943.943L5.333 8l4.243-4.243.943.943-3.3 3.3z"
        fill="currentColor"
      />
    </svg>
  </button>
  <button
    aria-current="page"
    class="emotion-2 emotion-3"
    data-active="true"
    tabindex="0"
    type="button"
  >
    1
  </button>
  <button
    class="emotion-2 emotion-3"
    tabindex="0"
    type="button"
  >
    2
  </button>
  <button
    class="emotion-2 emotion-3"
    tabindex="0"
    type="button"
  >
    3
  </button>
  <button
    class="emotion-2 emotion-3"
    tabindex="0"
    type="button"
  >
    4
  </button>
  <button
    class="emotion-2 emotion-3"
    tabindex="0"
    type="button"
  >
    5
  </button>
  <button
    class="emotion-2 emotion-3"
    data-dots="true"
    tabindex="-1"
    type="button"
  >
    <svg
      fill="none"
      height="16"
      viewBox="0 0 16 16"
      width="16"
      xmlns="http://www.w3.org/2000/svg"
    >
      <path
        d="M2 8c0-.733.6-1.333 1.333-1.333.734 0 1.334.6 1.334 1.333s-.6 1.333-1.334 1.333C2.6 9.333 2 8.733 2 8zm9.333 0c0-.733.6-1.333 1.334-1.333C13.4 6.667 14 7.267 14 8s-.6 1.333-1.333 1.333c-.734 0-1.334-.6-1.334-1.333zM6.667 8c0-.733.6-1.333 1.333-1.333s1.333.6 1.333 1.333S8.733 9.333 8 9.333 6.667 8.733 6.667 8z"
        fill="currentColor"
      />
    </svg>
  </button>
  <button
    class="emotion-2 emotion-3"
    tabindex="0"
    type="button"
  >
    10
  </button>
  <button
    class="emotion-2 emotion-3"
    type="button"
  >
    <svg
      fill="none"
      height="16"
      viewBox="0 0 16 16"
      width="16"
      xmlns="http://www.w3.org/2000/svg"
    >
      <path
        d="M8.781 8l-3.3-3.3.943-.943L10.667 8l-4.243 4.243-.943-.943 3.3-3.3z"
        fill="currentColor"
      />
    </svg>
  </button>
</div>
`;
