// Jest Snapshot v1, https://goo.gl/fbAQLP

exports[`Radio renders a RadioGroup 1`] = `
.c0 .mantine-Radio-radio {
  -webkit-transition: 150ms border-color ease;
  transition: 150ms border-color ease;
  background-color: #1E1F2E;
  border: 0.0625rem solid #292B3D;
}

.c0 .mantine-Radio-radio::before {
  -webkit-transition: 150ms background-color ease;
  transition: 150ms background-color ease;
  background-color: #307AE8;
}

.c0 .mantine-Radio-radio:hover:not(.mantine-Radio-radioDisabled) {
  cursor: pointer;
}

.c0 .mantine-Radio-label {
  -webkit-transition: 150ms color ease;
  transition: 150ms color ease;
  font-family: PT Mono;
  font-style: normal;
  font-weight: normal;
  font-size: 0.875rem;
  line-height: 1.125rem;
  -webkit-letter-spacing: 0.0125rem;
  -moz-letter-spacing: 0.0125rem;
  -ms-letter-spacing: 0.0125rem;
  letter-spacing: 0.0125rem;
}

.c0 .mantine-Radio-label:hover:not(.mantine-Radio-labelDisabled) {
  color: #5596F6;
  cursor: pointer;
}

.c0 .mantine-Radio-label:hover:not(.mantine-Radio-labelDisabled) .mantine-Radio-radio {
  border-color: #5596F6;
}

.c0 .mantine-Radio-label:active:not(.mantine-Radio-labelDisabled) {
  color: #1761CF;
}

.c0 .mantine-Radio-label:active:not(.mantine-Radio-labelDisabled) .mantine-Radio-radio {
  border-color: #1761CF;
}

.c0 .mantine-Radio-label:active:not(.mantine-Radio-labelDisabled) .mantine-Radio-radio::before {
  background-color: #1761CF;
}

.emotion-2 {
  font-family: -apple-system,BlinkMacSystemFont,Segoe UI,Roboto,Helvetica,Arial,sans-serif,Apple Color Emoji,Segoe UI Emoji;
  line-height: 1.55;
}

.emotion-4 {
  box-sizing: border-box;
  display: -webkit-box;
  display: -webkit-flex;
  display: -ms-flexbox;
  display: flex;
  -webkit-flex-direction: row;
  -ms-flex-direction: row;
  flex-direction: row;
  -webkit-align-items: center;
  -webkit-box-align: center;
  -ms-flex-align: center;
  align-items: center;
  -webkit-box-flex-wrap: wrap;
  -webkit-flex-wrap: wrap;
  -ms-flex-wrap: wrap;
  flex-wrap: wrap;
  -webkit-box-pack: start;
  -ms-flex-pack: start;
  -webkit-justify-content: flex-start;
  justify-content: flex-start;
  gap: 20px;
  padding-top: 10px;
}

.emotion-4>* {
  box-sizing: border-box;
  -webkit-box-flex: 0;
  -webkit-flex-grow: 0;
  -ms-flex-positive: 0;
  flex-grow: 0;
}

.emotion-6 {
  display: -webkit-box;
  display: -webkit-flex;
  display: -ms-flexbox;
  display: flex;
  -webkit-align-items: center;
  -webkit-box-align: center;
  -ms-flex-align: center;
  align-items: center;
  -webkit-tap-highlight-color: transparent;
}

.emotion-7 {
  position: relative;
}

.emotion-9 {
  -webkit-tap-highlight-color: transparent;
  background-color: #fff;
  border: 1px solid #ced4da;
  position: relative;
  -webkit-appearance: none;
  -moz-appearance: none;
  -ms-appearance: none;
  appearance: none;
  width: 20px;
  height: 20px;
  border-radius: 20px;
  margin: 0;
  display: -webkit-box;
  display: -webkit-flex;
  display: -ms-flexbox;
  display: flex;
  -webkit-align-items: center;
  -webkit-box-align: center;
  -ms-flex-align: center;
  align-items: center;
  -webkit-box-pack: center;
  -ms-flex-pack: center;
  -webkit-justify-content: center;
  justify-content: center;
  transition-property: background-color,border-color;
  transition-timing-function: ease;
  transition-duration: 100ms;
  cursor: default;
}

.emotion-9:focus {
  outline-offset: 2px;
  outline: 2px solid #339af0;
}

.emotion-9:focus:not(:focus-visible) {
  outline: none;
}

.emotion-9:checked {
  background: #228be6;
  border-color: #228be6;
}

.emotion-9:checked+.__mantine-ref-icon {
  opacity: 1;
  -webkit-transform: scale(1);
  -moz-transform: scale(1);
  -ms-transform: scale(1);
  transform: scale(1);
}

.emotion-9:disabled {
  border-color: #ced4da;
  background-color: #f1f3f5;
}

.emotion-9:disabled+.__mantine-ref-icon {
  color: #ced4da;
}

.emotion-11 {
  color: #fff;
  opacity: 0;
  -webkit-transform: scale(0.75) translateY(2px);
  -moz-transform: scale(0.75) translateY(2px);
  -ms-transform: scale(0.75) translateY(2px);
  transform: scale(0.75) translateY(2px);
  -webkit-transition: opacity 100ms ease;
  transition: opacity 100ms ease;
  pointer-events: none;
  width: 8px;
  height: 8px;
  position: absolute;
  top: calc(50% - 4px);
  left: calc(50% - 4px);
}

<div
  class="emotion-0 emotion-1 c0 emotion-2"
>
  <div
    class="emotion-3 emotion-4"
    role="radiogroup"
  >
    <div
      class="emotion-5 emotion-6"
    >
      <div
        class="emotion-7 emotion-8"
      >
        <input
          class="emotion-9 emotion-10"
          id="mantine-r0"
          type="radio"
          value="radio-test"
        />
        <svg
          aria-hidden="true"
          class="__mantine-ref-icon emotion-11 emotion-12"
          fill="none"
          viewBox="0 0 5 5"
          xmlns="http://www.w3.org/2000/svg"
        >
          <path
            d="M0 2.5a2.5 2.5 0 115 0 2.5 2.5 0 01-5 0z"
            fill="currentColor"
          />
        </svg>
      </div>
    </div>
  </div>
</div>
`;
