// Jest Snapshot v1, https://goo.gl/fbAQLP

exports[`Select renders a Select 1`] = `
.c0 {
  display: -webkit-inline-box;
  display: -webkit-inline-flex;
  display: -ms-inline-flexbox;
  display: inline-flex;
}

.c0 .mantine-Select-rightSection {
  pointer-events: none;
}

.c0 .mantine-Select-rightSection > svg > path {
  -webkit-transition: 150ms fill ease;
  transition: 150ms fill ease;
}

.c0 .mantine-Select-wrapper .mantine-Select-input {
  background: transparent;
  border: 0.125rem solid #838495;
  box-sizing: border-box;
  border-radius: 0.375rem;
  font-family: PT Mono;
  font-style: normal;
  font-weight: bold;
  font-size: 0.75rem;
  line-height: 1.125rem;
  -webkit-letter-spacing: 0.125rem;
  -moz-letter-spacing: 0.125rem;
  -ms-letter-spacing: 0.125rem;
  letter-spacing: 0.125rem;
  text-transform: uppercase;
  color: #E2E2EE;
  -webkit-transition: 150ms border ease,150ms color ease;
  transition: 150ms border ease,150ms color ease;
  padding-right: 0.75rem;
}

.c0 .mantine-Select-wrapper:hover:not(:disabled):not(:focus-within) .mantine-Select-input:not(:disabled):not(:focus-within) {
  border: 0.125rem solid #5596F6;
  color: #5596F6;
}

.c0 .mantine-Select-wrapper:hover:not(:disabled):not(:focus-within) .mantine-Select-rightSection > svg > path {
  fill: #5596F6;
}

.c0 .mantine-Select-wrapper:focus-within:not(:disabled) .mantine-Select-input {
  border: 0.125rem solid #E2E2EE !important;
  color: #E2E2EE;
}

.emotion-2 {
  font-family: -apple-system,BlinkMacSystemFont,Segoe UI,Roboto,Helvetica,Arial,sans-serif,Apple Color Emoji,Segoe UI Emoji;
  line-height: 1.55;
}

.emotion-5 {
  position: relative;
}

.emotion-8 {
  font-family: -apple-system,BlinkMacSystemFont,Segoe UI,Roboto,Helvetica,Arial,sans-serif,Apple Color Emoji,Segoe UI Emoji;
  height: 36px;
  -webkit-tap-highlight-color: transparent;
  line-height: 34px;
  -webkit-appearance: none;
  -moz-appearance: none;
  -ms-appearance: none;
  appearance: none;
  resize: none;
  box-sizing: border-box;
  font-size: 14px;
  width: 100%;
  color: #000;
  display: block;
  text-align: left;
  min-height: 36px;
  padding-left: 12px;
  padding-right: 36px;
  border-radius: 4px;
  border: 1px solid #ced4da;
  background-color: #fff;
  -webkit-transition: border-color 100ms ease;
  transition: border-color 100ms ease;
}

.emotion-8:disabled {
  background-color: #f1f3f5;
  color: #909296;
  opacity: 0.6;
  cursor: not-allowed;
}

.emotion-8:disabled::-webkit-input-placeholder {
  color: #909296;
}

.emotion-8:disabled::-moz-placeholder {
  color: #909296;
}

.emotion-8:disabled:-ms-input-placeholder {
  color: #909296;
}

.emotion-8:disabled::placeholder {
  color: #909296;
}

.emotion-8::-webkit-input-placeholder {
  opacity: 1;
  -webkit-user-select: none;
  -moz-user-select: none;
  -ms-user-select: none;
  user-select: none;
  color: #adb5bd;
}

.emotion-8::-moz-placeholder {
  opacity: 1;
  -webkit-user-select: none;
  -moz-user-select: none;
  -ms-user-select: none;
  user-select: none;
  color: #adb5bd;
}

.emotion-8:-ms-input-placeholder {
  opacity: 1;
  -webkit-user-select: none;
  -moz-user-select: none;
  -ms-user-select: none;
  user-select: none;
  color: #adb5bd;
}

.emotion-8::placeholder {
  opacity: 1;
  -webkit-user-select: none;
  -moz-user-select: none;
  -ms-user-select: none;
  user-select: none;
  color: #adb5bd;
}

.emotion-8::-webkit-inner-spin-button,
.emotion-8::-webkit-outer-spin-button,
.emotion-8::-webkit-search-decoration,
.emotion-8::-webkit-search-cancel-button,
.emotion-8::-webkit-search-results-button,
.emotion-8::-webkit-search-results-decoration {
  -webkit-appearance: none;
  -moz-appearance: none;
  -ms-appearance: none;
  appearance: none;
}

.emotion-8[type=number] {
  -moz-appearance: textfield;
}

.emotion-8:focus,
.emotion-8:focus-within {
  outline: none;
  border-color: #228be6;
}

.emotion-8:not(:disabled) {
  cursor: pointer;
}

.emotion-8:not(:disabled)::selection {
  background-color: transparent;
}

.emotion-9 {
  position: absolute;
  top: 0;
  bottom: 0;
  right: 0;
  display: -webkit-box;
  display: -webkit-flex;
  display: -ms-flexbox;
  display: flex;
  -webkit-align-items: center;
  -webkit-box-align: center;
  -ms-flex-align: center;
  align-items: center;
  -webkit-box-pack: center;
  -ms-flex-pack: center;
  -webkit-justify-content: center;
  justify-content: center;
  width: 36px;
}

<div
  class="emotion-0 emotion-1 c0 emotion-2"
>
  <div
    aria-controls="mantine-r0"
    aria-expanded="false"
    aria-haspopup="listbox"
    class=""
    role="combobox"
    tabindex="-1"
  >
    <input
      type="hidden"
      value="total"
    />
    <div
      class="emotion-3 emotion-4 emotion-5"
    >
      <input
        aria-autocomplete="list"
        aria-invalid="false"
        autocomplete="off"
        class="emotion-6 emotion-7 emotion-8"
        data-mantine-stop-propagation="false"
        id="mantine-r0"
        readonly=""
        type="search"
        value="Total Poaps"
      />
      <div
        class="emotion-9 emotion-10 emotion-11"
      >
        <svg
          fill="none"
          height="4"
          viewBox="0 0 7 4"
          width="7"
          xmlns="http://www.w3.org/2000/svg"
        >
          <path
            d="M3.464 4l3.464-4H0l3.464 4z"
            fill="#E2E2EE"
          />
        </svg>
      </div>
    </div>
  </div>
</div>
`;
