// Jest Snapshot v1, https://goo.gl/fbAQLP

exports[`Title renders a Title 1`] = `
.c0 {
  display: inline-block;
  font-family: 'PT Mono',monospace;
  font-weight: 700;
  font-size: 0.8125rem;
  line-height: 1.0625rem;
  -webkit-letter-spacing: 0.03125rem;
  -moz-letter-spacing: 0.03125rem;
  -ms-letter-spacing: 0.03125rem;
  letter-spacing: 0.03125rem;
  text-align: center;
  color: #307AE8;
  -webkit-transition: color 150ms ease-in-out;
  transition: color 150ms ease-in-out;
  cursor: pointer;
  color: #307AE8;
}

.c1:hover:not([disabled]) {
  color: #5596F6;
}

.c1:active:not([disabled]) {
  color: #1761CF;
}

.c1[disabled] {
  color: #393A51;
  cursor: not-allowed;
}

.emotion-1 {
  font-family: -apple-system,BlinkMacSystemFont,Segoe UI,Roboto,Helvetica,Arial,sans-serif,Apple Color Emoji,Segoe UI Emoji;
  -webkit-tap-highlight-color: transparent;
  color: inherit;
  font-size: inherit;
  line-height: 1.55;
  -webkit-text-decoration: none;
  text-decoration: none;
}

.emotion-1:focus {
  outline-offset: 2px;
  outline: 2px solid #339af0;
}

.emotion-1:focus:not(:focus-visible) {
  outline: none;
}

<div
  class="emotion-0 c0 c1 emotion-1"
>
  A great title, one of the best
</div>
`;
