// Jest Snapshot v1, https://goo.gl/fbAQLP

exports[`Tooltip renders a Tooltip with an arrow 1`] = `
.c0 {
  font-family: PT Mono;
  font-style: normal;
  font-weight: normal;
  font-size: 0.875rem;
  line-height: 1.25rem;
  -webkit-letter-spacing: 0.0125rem;
  -moz-letter-spacing: 0.0125rem;
  -ms-letter-spacing: 0.0125rem;
  letter-spacing: 0.0125rem;
  color: #E2E2EE;
}

.emotion-1 {
  font-family: -apple-system,BlinkMacSystemFont,Segoe UI,Roboto,Helvetica,Arial,sans-serif,Apple Color Emoji,Segoe UI Emoji;
  -webkit-tap-highlight-color: transparent;
  color: inherit;
  font-size: inherit;
  line-height: 1.55;
  -webkit-text-decoration: none;
  text-decoration: none;
}

.emotion-1:focus {
  outline-offset: 2px;
  outline: 2px solid #339af0;
}

.emotion-1:focus:not(:focus-visible) {
  outline: none;
}

<div
  class="emotion-0 c0 emotion-1"
>
  Tooltip
</div>
`;

exports[`Tooltip renders a Tooltip without an arrow 1`] = `
.c0 {
  font-family: PT Mono;
  font-style: normal;
  font-weight: normal;
  font-size: 0.875rem;
  line-height: 1.25rem;
  -webkit-letter-spacing: 0.0125rem;
  -moz-letter-spacing: 0.0125rem;
  -ms-letter-spacing: 0.0125rem;
  letter-spacing: 0.0125rem;
  color: #E2E2EE;
}

.emotion-1 {
  font-family: -apple-system,BlinkMacSystemFont,Segoe UI,Roboto,Helvetica,Arial,sans-serif,Apple Color Emoji,Segoe UI Emoji;
  -webkit-tap-highlight-color: transparent;
  color: inherit;
  font-size: inherit;
  line-height: 1.55;
  -webkit-text-decoration: none;
  text-decoration: none;
}

.emotion-1:focus {
  outline-offset: 2px;
  outline: 2px solid #339af0;
}

.emotion-1:focus:not(:focus-visible) {
  outline: none;
}

<div
  class="emotion-0 c0 emotion-1"
>
  Tooltip
</div>
`;
